30
Note: temperature 1 gives pBad 0.0126421 after 1000 iterations
Note: temperature 2 gives pBad 0.0544519 after 54 iterations
Note: temperature 4 gives pBad 0.0343371 after 66 iterations
Note: temperature 8 gives pBad 0.125862 after 314 iterations
Note: temperature 16 gives pBad 0.179442 after 47 iterations
Note: temperature 32 gives pBad 0.276966 after 121 iterations
Note: temperature 64 gives pBad 0.453167 after 30 iterations
Note: temperature 128 gives pBad 0.679701 after 66 iterations
Note: temperature 256 gives pBad 0.80403 after 61 iterations
Note: temperature 512 gives pBad 0.893326 after 55 iterations
Note: temperature 1024 gives pBad 0.939003 after 126 iterations
Note: temperature 2048 gives pBad 0.962741 after 194 iterations
Note: temperature 4096 gives pBad 0.982427 after 132 iterations
Note: temperature 8192 gives pBad 0.99117 after 143 iterations
Note: temperature 8192 gives pBad 0.990302 after 30 iterations
Note: temperature 4096 gives pBad 0.984848 after 79 iterations
Note: temperature 4096 gives pBad 0.978284 after 33 iterations
Note: temperature 4915.2 gives pBad 0.986216 after 73 iterations
Note: temperature 5898.24 gives pBad 0.99062 after 119 iterations
Note: temperature 5898.24 gives pBad 0.984991 after 30 iterations
Note: temperature 2949.12 gives pBad 0.97675 after 159 iterations
Note: temperature 1474.56 gives pBad 0.956494 after 46 iterations
Note: temperature 737.28 gives pBad 0.912945 after 108 iterations
Note: temperature 368.64 gives pBad 0.858209 after 122 iterations
Note: temperature 184.32 gives pBad 0.750003 after 134 iterations
Note: temperature 92.16 gives pBad 0.544711 after 57 iterations
Note: temperature 46.08 gives pBad 0.396569 after 51 iterations
Note: temperature 23.04 gives pBad 0.257338 after 761 iterations
Note: temperature 11.52 gives pBad 0.113439 after 69 iterations
Note: temperature 5.76 gives pBad 0.0712663 after 67 iterations
Note: temperature 2.88 gives pBad 0.0474527 after 99 iterations
Note: temperature 1.44 gives pBad 0.0285908 after 363 iterations
Note: temperature 0.72 gives pBad 0.00291382 after 57 iterations
Note: temperature 0.36 gives pBad 0.000366687 after 136 iterations
Note: temperature 0.18 gives pBad 1.41982e-06 after 9732 iterations
Note: temperature 0.09 gives pBad 1.91454e-11 after 47 iterations
Note: temperature 0.09 gives pBad 2.18169e-11 after 305 iterations
Note: temperature 0.108 gives pBad 8.71919e-10 after 72 iterations
Note: temperature 0.1296 gives pBad 1.82789e-08 after 312 iterations
Note: tInitial 5898.24 tDecay 10.7257
Note: 1%, incScore 133 realScore 198 (error -65) pBad 0.987238
Note: 2%, incScore 242 realScore 268 (error -26) pBad 0.986261
Note: 3%, incScore 302 realScore 328 (error -26) pBad 0.985054
Note: 4%, incScore 342 realScore 348 (error -6) pBad 0.982573
Note: 5%, incScore 400 realScore 434 (error -34) pBad 0.981681
Note: 6%, incScore 536 realScore 608 (error -72) pBad 0.978577
Note: 7%, incScore 639 realScore 664 (error -25) pBad 0.977367
Note: 8%, incScore 308 realScore 74 (error 234) pBad 0.975195
Note: 9%, incScore 138 realScore 172 (error -34) pBad 0.971714
Note: 10%, incScore 286 realScore 358 (error -72) pBad 0.967151
Note: 11%, incScore 324 realScore 312 (error 12) pBad 0.964729
Note: 12%, incScore 145 realScore 40 (error 105) pBad 0.962516
Note: 13%, incScore 55 realScore 64 (error -9) pBad 0.957179
Note: 14%, incScore 320 realScore 476 (error -156) pBad 0.952431
Note: 15%, incScore 390 realScore 334 (error 56) pBad 0.947905
Note: 16%, incScore 650 realScore 876 (error -226) pBad 0.941073
Note: 17%, incScore 510 realScore 250 (error 260) pBad 0.933948
Note: 18%, incScore 489 realScore 654 (error -165) pBad 0.923642
Note: 19%, incScore 508 realScore 404 (error 104) pBad 0.919532
Note: 20%, incScore 310 realScore 252 (error 58) pBad 0.909828
Note: 21%, incScore 246 realScore 238 (error 8) pBad 0.902048
Note: 22%, incScore 281 realScore 310 (error -29) pBad 0.889014
Note: 23%, incScore 397 realScore 458 (error -61) pBad 0.877228
Note: 24%, incScore 388 realScore 342 (error 46) pBad 0.862795
Note: 25%, incScore 289 realScore 252 (error 37) pBad 0.856315
Note: 26%, incScore 344 realScore 408 (error -64) pBad 0.841241
Note: 27%, incScore 248 realScore 140 (error 108) pBad 0.835125
Note: 28%, incScore 230 realScore 286 (error -56) pBad 0.812129
Note: 29%, incScore 157 realScore 82 (error 75) pBad 0.78692
Note: 30%, incScore 77 realScore 74 (error 3) pBad 0.765619
Note: 31%, incScore 163 realScore 216 (error -53) pBad 0.755183
Note: 32%, incScore 268 realScore 296 (error -28) pBad 0.732921
Note: 33%, incScore 446 realScore 550 (error -104) pBad 0.703289
Note: 34%, incScore 480 realScore 432 (error 48) pBad 0.680559
Note: 35%, incScore 458 realScore 476 (error -18) pBad 0.654516
Note: 36%, incScore 280 realScore 154 (error 126) pBad 0.640389
Note: 37%, incScore 178 realScore 196 (error -18) pBad 0.600683
Note: 38%, incScore 167 realScore 144 (error 23) pBad 0.580177
Note: 39%, incScore 278 realScore 362 (error -84) pBad 0.539025
Note: 40%, incScore 330 realScore 310 (error 20) pBad 0.513235
Note: 41%, incScore 201 realScore 132 (error 69) pBad 0.487556
Note: 42%, incScore 264 realScore 348 (error -84) pBad 0.465602
Note: 43%, incScore 233 realScore 162 (error 71) pBad 0.427166
Note: 44%, incScore 154 realScore 146 (error 8) pBad 0.407266
Note: 45%, incScore 89 realScore 60 (error 29) pBad 0.373951
Note: 46%, incScore 58 realScore 58 (error 0) pBad 0.350802
Note: 47%, incScore 80 realScore 92 (error -12) pBad 0.338538
Note: 48%, incScore 58 realScore 40 (error 18) pBad 0.300868
Note: 49%, incScore 25 realScore 20 (error 5) pBad 0.288626
Note: 50%, incScore 92 realScore 126 (error -34) pBad 0.272137
Note: 51%, incScore 50 realScore 14 (error 36) pBad 0.248954
Note: 52%, incScore 60 realScore 80 (error -20) pBad 0.232697
Note: 53%, incScore 127 realScore 156 (error -29) pBad 0.214317
Note: 54%, incScore 57 realScore 6 (error 51) pBad 0.173556
Note: 55%, incScore 2 realScore 2 (error 0) pBad 0.17609
Note: 56%, incScore 0 realScore 0 (error 0) pBad 0.174633
Note: 57%, incScore 14 realScore 18 (error -4) pBad 0.153507
Note: 58%, incScore 38 realScore 46 (error -8) pBad 0.152266
Note: 59%, incScore 71 realScore 80 (error -9) pBad 0.131633
Note: 60%, incScore 23 realScore 2 (error 21) pBad 0.138687
Note: 61%, incScore 14 realScore 18 (error -4) pBad 0.119131
Note: 62%, incScore 11 realScore 8 (error 3) pBad 0.114376
Note: 63%, incScore 6 realScore 6 (error 0) pBad 0.104638
Note: 64%, incScore 5 realScore 4 (error 1) pBad 0.0950457
Note: 65%, incScore 9 realScore 10 (error -1) pBad 0.0881116
Note: 66%, incScore 17 realScore 20 (error -3) pBad 0.0749973
Note: 67%, incScore 9 realScore 6 (error 3) pBad 0.0691862
Note: 68%, incScore 10 realScore 10 (error 0) pBad 0.0588859
Note: 69%, incScore 20 realScore 24 (error -4) pBad 0.0654965
Note: 70%, incScore 7 realScore 2 (error 5) pBad 0.0497754
Note: 71%, incScore 0 realScore 0 (error 0) pBad 0.0470812
Note: 72%, incScore 11 realScore 14 (error -3) pBad 0.0455084
Note: 73%, incScore 3 realScore 0 (error 3) pBad 0.0352338
Note: 74%, incScore 2 realScore 2 (error 0) pBad 0.0379441
Note: 75%, incScore 0 realScore 0 (error 0) pBad 0.0317964
Note: 76%, incScore 0 realScore 0 (error 0) pBad 0.0315008
Note: 77%, incScore 0 realScore 0 (error 0) pBad 0.0240786
Note: 78%, incScore 0 realScore 0 (error 0) pBad 0.016623
Note: 79%, incScore 2 realScore 2 (error 0) pBad 0.0142661
Note: 80%, incScore 0 realScore 0 (error 0) pBad 0.0143565
Note: 81%, incScore 2 realScore 2 (error 0) pBad 0.0113735
Note: 82%, incScore 0 realScore 0 (error 0) pBad 0.00787502
Note: 83%, incScore 0 realScore 0 (error 0) pBad 0.00715858
Note: 84%, incScore 0 realScore 0 (error 0) pBad 0.00569311
Note: 85%, incScore 0 realScore 0 (error 0) pBad 0.00438442
Note: 86%, incScore 0 realScore 0 (error 0) pBad 0.00285435
Note: 87%, incScore 0 realScore 0 (error 0) pBad 0.00208052
Note: 88%, incScore 0 realScore 0 (error 0) pBad 0.00122353
Note: 89%, incScore 0 realScore 0 (error 0) pBad 0.000785381
Note: 90%, incScore 0 realScore 0 (error 0) pBad 0.000380766
Note: 91%, incScore 0 realScore 0 (error 0) pBad 0.000242685
Note: 92%, incScore 0 realScore 0 (error 0) pBad 0.000124654
Note: 93%, incScore 0 realScore 0 (error 0) pBad 6.3418e-05
Note: 94%, incScore 0 realScore 0 (error 0) pBad 3.02816e-05
Note: 95%, incScore 0 realScore 0 (error 0) pBad 1.18783e-05
Note: 96%, incScore 0 realScore 0 (error 0) pBad 4.17918e-06
Note: 97%, incScore 0 realScore 0 (error 0) pBad 1.29821e-06
Note: 98%, incScore 0 realScore 0 (error 0) pBad 3.98529e-07
Note: 99%, incScore 0 realScore 0 (error 0) pBad 7.82479e-08
SimAnnealRun returned 1
0
